<?xml version="1.0" encoding="utf-8"?>
<TestRun id="aaa5e0d8-ab81-4788-9a91-37a0b63986e0" name="mario.nzr@WORKSTATION 2019-11-13 00:45:49" runUser="WORKSTATION\mario.nzr" xmlns="http://microsoft.com/schemas/VisualStudio/TeamTest/2010">
  <Times creation="2019-11-13T00:45:49.4584231-03:00" queuing="2019-11-13T00:45:49.4584254-03:00" start="2019-11-13T00:45:25.1164456-03:00" finish="2019-11-13T00:45:50.5466343-03:00" />
  <TestSettings name="default" id="96daa89f-a350-4584-839b-aff2e5e70c7b">
    <Deployment runDeploymentRoot="mario.nzr_WORKSTATION_2019-11-13_00_45_49" />
  </TestSettings>
  <Results>
    <UnitTestResult executionId="9f7026a8-5110-443d-a61c-c1fca1e175aa" testId="4419b877-270e-497e-a06c-0b6c3e2f97b2" testName="Nzr.Orm.Tests.Core.SelectTest.Select_WithInnerJoinEntitiesByGivingForeignId_ShouldReturnCompleteEntities" computerName="WORKSTATION" duration="00:00:00.0090000" startTime="2019-11-13T00:45:49.9598958-03:00" endTime="2019-11-13T00:45:49.9598965-03:00" testType="13cdc9d9-ddb5-4fa4-a97d-d965ccfc6d4b" outcome="Passed" testListId="8c84fa94-04c1-424b-9868-57a2d4851a1d" relativeResultsDirectory="9f7026a8-5110-443d-a61c-c1fca1e175aa" />
    <UnitTestResult executionId="60225578-0c29-43a3-b019-91e9ff6050fe" testId="a7f31066-1884-20cb-8052-3795ce522a06" testName="Nzr.Orm.Tests.Core.SelectTest.Select_WithLimit_ShouldReturnEntitiesUpToLimit" computerName="WORKSTATION" duration="00:00:00.0070000" startTime="2019-11-13T00:45:49.9077624-03:00" endTime="2019-11-13T00:45:49.9077630-03:00" testType="13cdc9d9-ddb5-4fa4-a97d-d965ccfc6d4b" outcome="Passed" testListId="8c84fa94-04c1-424b-9868-57a2d4851a1d" relativeResultsDirectory="60225578-0c29-43a3-b019-91e9ff6050fe" />
    <UnitTestResult executionId="e40411a1-1944-46b9-b938-a0e3771ea3d4" testId="268cbd27-a2d9-149c-bc4e-a463f477b1b1" testName="Nzr.Orm.Tests.Core.RawQueryTest.WarmUp" computerName="WORKSTATION" duration="00:00:00.0030000" startTime="2019-11-13T00:45:49.7814258-03:00" endTime="2019-11-13T00:45:49.7814267-03:00" testType="13cdc9d9-ddb5-4fa4-a97d-d965ccfc6d4b" outcome="Passed" testListId="8c84fa94-04c1-424b-9868-57a2d4851a1d" relativeResultsDirectory="e40411a1-1944-46b9-b938-a0e3771ea3d4" />
    <UnitTestResult executionId="432caa4b-5078-4e7f-9869-d881bd9b4028" testId="a9fd742e-d857-7f7b-8c31-da162119afd6" testName="Nzr.Orm.Tests.Core.UpdateTest.Update_WithEntity_ShouldUpdateAllChangedProperties" computerName="WORKSTATION" duration="00:00:00.0140000" startTime="2019-11-13T00:45:50.2598803-03:00" endTime="2019-11-13T00:45:50.2598811-03:00" testType="13cdc9d9-ddb5-4fa4-a97d-d965ccfc6d4b" outcome="Passed" testListId="8c84fa94-04c1-424b-9868-57a2d4851a1d" relativeResultsDirectory="432caa4b-5078-4e7f-9869-d881bd9b4028" />
    <UnitTestResult executionId="2313a491-62c6-439f-bf4f-c8d840413888" testId="44b1cde0-de0f-45b4-ee7c-541708dc4a96" testName="Nzr.Orm.Tests.Core.SelectTest.Select_WithBetweenClause_ShouldReturnEntitiesWithPropertyValuesInRange" computerName="WORKSTATION" duration="00:00:00.0650000" startTime="2019-11-13T00:45:50.1260370-03:00" endTime="2019-11-13T00:45:50.1260376-03:00" testType="13cdc9d9-ddb5-4fa4-a97d-d965ccfc6d4b" outcome="Passed" testListId="8c84fa94-04c1-424b-9868-57a2d4851a1d" relativeResultsDirectory="2313a491-62c6-439f-bf4f-c8d840413888" />
    <UnitTestResult executionId="decc8353-f817-4aab-9399-4afef21ed8c4" testId="05d133e0-1edd-db9a-8b3a-dadfea10f749" testName="Nzr.Orm.Tests.Core.SelectTest.Select_ReferencingEntities_ShouldReturnCompleteEntities" computerName="WORKSTATION" duration="00:00:00.0100000" startTime="2019-11-13T00:45:49.9442385-03:00" endTime="2019-11-13T00:45:49.9442392-03:00" testType="13cdc9d9-ddb5-4fa4-a97d-d965ccfc6d4b" outcome="Passed" testListId="8c84fa94-04c1-424b-9868-57a2d4851a1d" relativeResultsDirectory="decc8353-f817-4aab-9399-4afef21ed8c4" />
    <UnitTestResult executionId="39684165-1a32-4db6-ba64-df181fca20f8" testId="08459c55-b3e4-e589-48e6-282f825b7d36" testName="Nzr.Orm.Tests.Core.AggregateTest.Aggregate_WithoutWhereClauseShouldReturnCalculatedValuesForAllEntities" computerName="WORKSTATION" duration="00:00:02.8340000" startTime="2019-11-13T00:45:49.3821135-03:00" endTime="2019-11-13T00:45:49.3821218-03:00" testType="13cdc9d9-ddb5-4fa4-a97d-d965ccfc6d4b" outcome="Passed" testListId="8c84fa94-04c1-424b-9868-57a2d4851a1d" relativeResultsDirectory="39684165-1a32-4db6-ba64-df181fca20f8" />
    <UnitTestResult executionId="2142b77e-eea9-4f2f-bae4-e0dc0f7a326a" testId="26e715e3-2b90-f585-432b-99d816c362ee" testName="Nzr.Orm.Tests.Core.RawQueryTest.ExecuteQuery_WithNoParameter_ShouldReturnEntities" computerName="WORKSTATION" duration="00:00:00.0760000" startTime="2019-11-13T00:45:49.7780107-03:00" endTime="2019-11-13T00:45:49.7780120-03:00" testType="13cdc9d9-ddb5-4fa4-a97d-d965ccfc6d4b" outcome="Passed" testListId="8c84fa94-04c1-424b-9868-57a2d4851a1d" relativeResultsDirectory="2142b77e-eea9-4f2f-bae4-e0dc0f7a326a" />
    <UnitTestResult executionId="494f3fb3-631c-417d-9187-1b88d6aae573" testId="12d9cf54-71b2-5af7-f9e3-b82dad440122" testName="Nzr.Orm.Tests.Core.SelectTest.Select_WithAndOrCondition_ShouldReturnEntitiesWithOneOrOtherConditions" computerName="WORKSTATION" duration="00:00:00.0090000" startTime="2019-11-13T00:45:49.9249273-03:00" endTime="2019-11-13T00:45:49.9249279-03:00" testType="13cdc9d9-ddb5-4fa4-a97d-d965ccfc6d4b" outcome="Passed" testListId="8c84fa94-04c1-424b-9868-57a2d4851a1d" relativeResultsDirectory="494f3fb3-631c-417d-9187-1b88d6aae573" />
    <UnitTestResult executionId="0296bcdd-1151-4bc6-bfd5-cdf52b1a7aca" testId="b5bcdd10-516d-8207-df7a-a6f0ef137dbc" testName="Nzr.Orm.Tests.Core.UpdateTest.Update_WithSetAndWhere_ShouldUpdateOnlySpecifiedProperties" computerName="WORKSTATION" duration="00:00:00.0160000" startTime="2019-11-13T00:45:50.3679549-03:00" endTime="2019-11-13T00:45:50.3679557-03:00" testType="13cdc9d9-ddb5-4fa4-a97d-d965ccfc6d4b" outcome="Passed" testListId="8c84fa94-04c1-424b-9868-57a2d4851a1d" relativeResultsDirectory="0296bcdd-1151-4bc6-bfd5-cdf52b1a7aca" />
    <UnitTestResult executionId="68048836-2f50-45d7-8da8-c42aa86fd9ce" testId="59e7c077-53b2-107b-4a18-3684d1970945" testName="Nzr.Orm.Tests.Core.AliasTest.NonQuery_UsingBuilders_ShouldWork" computerName="WORKSTATION" duration="00:00:00.0280000" startTime="2019-11-13T00:45:49.6072321-03:00" endTime="2019-11-13T00:45:49.6072329-03:00" testType="13cdc9d9-ddb5-4fa4-a97d-d965ccfc6d4b" outcome="Passed" testListId="8c84fa94-04c1-424b-9868-57a2d4851a1d" relativeResultsDirectory="68048836-2f50-45d7-8da8-c42aa86fd9ce" />
    <UnitTestResult executionId="0ecf838b-a6b6-4c3f-8821-266db74a5f26" testId="3b923bb1-76d2-573f-d80a-efb49bf28772" testName="Nzr.Orm.Tests.Core.InsertTest.Insert_ReferencingOtherEntities_ShouldRetriveForeignIdsAndInsert" computerName="WORKSTATION" duration="00:00:00.0200000" startTime="2019-11-13T00:45:49.8582073-03:00" endTime="2019-11-13T00:45:49.8582078-03:00" testType="13cdc9d9-ddb5-4fa4-a97d-d965ccfc6d4b" outcome="Passed" testListId="8c84fa94-04c1-424b-9868-57a2d4851a1d" relativeResultsDirectory="0ecf838b-a6b6-4c3f-8821-266db74a5f26" />
    <UnitTestResult executionId="cff98d70-fcd9-4c6a-974c-e40895a8c122" testId="e542eb42-d95a-eac0-ffef-da3e1f209ed7" testName="Nzr.Orm.Tests.Core.HowToUseTest.WarmUp" computerName="WORKSTATION" duration="00:00:00.0020000" startTime="2019-11-13T00:45:49.8045721-03:00" endTime="2019-11-13T00:45:49.8045726-03:00" testType="13cdc9d9-ddb5-4fa4-a97d-d965ccfc6d4b" outcome="Passed" testListId="8c84fa94-04c1-424b-9868-57a2d4851a1d" relativeResultsDirectory="cff98d70-fcd9-4c6a-974c-e40895a8c122" />
    <UnitTestResult executionId="e03be660-eeb9-44b4-9969-6f8d6b5121a8" testId="38ce0fee-42a5-be37-bc2c-ea721b1ded32" testName="Nzr.Orm.Tests.Core.DeleteTest.Delete_WithEntity_ShouldDeleteOneEntity" computerName="WORKSTATION" duration="00:00:00.0180000" startTime="2019-11-13T00:45:49.6767341-03:00" endTime="2019-11-13T00:45:49.6767348-03:00" testType="13cdc9d9-ddb5-4fa4-a97d-d965ccfc6d4b" outcome="Passed" testListId="8c84fa94-04c1-424b-9868-57a2d4851a1d" relativeResultsDirectory="e03be660-eeb9-44b4-9969-6f8d6b5121a8" />
    <UnitTestResult executionId="62f943c3-6235-4797-a00c-58d9da503f04" testId="fc525a1f-6433-eb66-43dd-e4dde3ce8a5a" testName="Nzr.Orm.Tests.Core.SelectTest.Select_WithCustomWhere_ShouldReturnListOfEntity" computerName="WORKSTATION" duration="00:00:00.0080000" startTime="2019-11-13T00:45:49.9161934-03:00" endTime="2019-11-13T00:45:49.9161941-03:00" testType="13cdc9d9-ddb5-4fa4-a97d-d965ccfc6d4b" outcome="Passed" testListId="8c84fa94-04c1-424b-9868-57a2d4851a1d" relativeResultsDirectory="62f943c3-6235-4797-a00c-58d9da503f04" />
    <UnitTestResult executionId="543d699f-aab3-4907-9b92-b9ed812236a6" testId="10960f47-5150-00d1-ec65-55b10aff30fa" testName="Nzr.Orm.Tests.Core.SelectTest.Select_WithInClauseWithEmptyArrayWithHandleEmptyInArgsTrue_ShouldReturnCorrectResults" computerName="WORKSTATION" duration="00:00:00.0060000" startTime="2019-11-13T00:45:49.9504070-03:00" endTime="2019-11-13T00:45:49.9504079-03:00" testType="13cdc9d9-ddb5-4fa4-a97d-d965ccfc6d4b" outcome="Passed" testListId="8c84fa94-04c1-424b-9868-57a2d4851a1d" relativeResultsDirectory="543d699f-aab3-4907-9b92-b9ed812236a6" />
    <UnitTestResult executionId="4a3f5f6b-ddd0-44c7-86e1-74e799c3500d" testId="1a729415-bb63-3074-18cd-aba6f199f64c" testName="Nzr.Orm.Tests.Core.SelectTest.Select_UsingLike_ShouldReturnEntitiesBaseOnSubstrings" computerName="WORKSTATION" duration="00:00:00.0310000" startTime="2019-11-13T00:45:49.9005963-03:00" endTime="2019-11-13T00:45:49.9005973-03:00" testType="13cdc9d9-ddb5-4fa4-a97d-d965ccfc6d4b" outcome="Passed" testListId="8c84fa94-04c1-424b-9868-57a2d4851a1d" relativeResultsDirectory="4a3f5f6b-ddd0-44c7-86e1-74e799c3500d" />
    <UnitTestResult executionId="6fccb88d-4c6c-4b35-ae0e-7f4d3daf94fa" testId="97edfdf0-40a9-5982-aef3-b2e4c6493f64" testName="Nzr.Orm.Tests.Core.AliasTest.WarmUp" computerName="WORKSTATION" duration="00:00:00.0020000" startTime="2019-11-13T00:45:49.4813057-03:00" endTime="2019-11-13T00:45:49.4813066-03:00" testType="13cdc9d9-ddb5-4fa4-a97d-d965ccfc6d4b" outcome="Passed" testListId="8c84fa94-04c1-424b-9868-57a2d4851a1d" relativeResultsDirectory="6fccb88d-4c6c-4b35-ae0e-7f4d3daf94fa" />
    <UnitTestResult executionId="c2235d25-b401-4251-9213-e4e59557e16b" testId="f3e524ff-d42a-775e-9f5e-54b9d3ac7bca" testName="Nzr.Orm.Tests.Core.TransactionTest.WarmUp" computerName="WORKSTATION" duration="00:00:00.0020000" startTime="2019-11-13T00:45:50.2272417-03:00" endTime="2019-11-13T00:45:50.2272421-03:00" testType="13cdc9d9-ddb5-4fa4-a97d-d965ccfc6d4b" outcome="Passed" testListId="8c84fa94-04c1-424b-9868-57a2d4851a1d" relativeResultsDirectory="c2235d25-b401-4251-9213-e4e59557e16b" />
    <UnitTestResult executionId="f8350535-9e3f-4ffe-b528-af2ea28ddfec" testId="78b73bb5-239d-2be6-56c9-2fcf9393185b" testName="Nzr.Orm.Tests.Core.SelectTest.Select_WithLeftJoinEntitiesWithOrderBy_ShouldReturnAllCompleteEntitiesInTheSpecifiedOrder" computerName="WORKSTATION" duration="00:00:00.0510000" startTime="2019-11-13T00:45:50.0610188-03:00" endTime="2019-11-13T00:45:50.0610193-03:00" testType="13cdc9d9-ddb5-4fa4-a97d-d965ccfc6d4b" outcome="Passed" testListId="8c84fa94-04c1-424b-9868-57a2d4851a1d" relativeResultsDirectory="f8350535-9e3f-4ffe-b528-af2ea28ddfec" />
    <UnitTestResult executionId="6d44db1c-df74-4efc-afa6-72aef03e122f" testId="aaef698a-8fb4-027d-e246-753ff4a55197" testName="Nzr.Orm.Tests.Core.InsertTest.Insert_WithNullEntity_ShouldThrowNullReferenceException" computerName="WORKSTATION" duration="00:00:00.0040000" startTime="2019-11-13T00:45:49.8380167-03:00" endTime="2019-11-13T00:45:49.8380175-03:00" testType="13cdc9d9-ddb5-4fa4-a97d-d965ccfc6d4b" outcome="Passed" testListId="8c84fa94-04c1-424b-9868-57a2d4851a1d" relativeResultsDirectory="6d44db1c-df74-4efc-afa6-72aef03e122f" />
    <UnitTestResult executionId="719068f2-e1e2-41f0-a15d-23a7bbf8ead8" testId="43380cd6-fc94-4375-8427-9f20d01130e4" testName="Nzr.Orm.Tests.Core.ConnectionManagerTest.NewDao_WithConnectionManager_ShouldUseConnectionManager" computerName="WORKSTATION" duration="00:00:00.0220000" startTime="2019-11-13T00:45:49.6314940-03:00" endTime="2019-11-13T00:45:49.6314952-03:00" testType="13cdc9d9-ddb5-4fa4-a97d-d965ccfc6d4b" outcome="Passed" testListId="8c84fa94-04c1-424b-9868-57a2d4851a1d" relativeResultsDirectory="719068f2-e1e2-41f0-a15d-23a7bbf8ead8" />
    <UnitTestResult executionId="e14d1d0b-03ae-412b-afca-d4925ae97384" testId="b8b10556-d99f-8160-07f3-a9a88fbf4878" testName="Nzr.Orm.Tests.Core.TransactionTest.Operation_WithExceptionButManualHAndling_ShouldNotRollback" computerName="WORKSTATION" duration="00:00:00.0070000" startTime="2019-11-13T00:45:50.2438362-03:00" endTime="2019-11-13T00:45:50.2438368-03:00" testType="13cdc9d9-ddb5-4fa4-a97d-d965ccfc6d4b" outcome="Passed" testListId="8c84fa94-04c1-424b-9868-57a2d4851a1d" relativeResultsDirectory="e14d1d0b-03ae-412b-afca-d4925ae97384" />
    <UnitTestResult executionId="fbe50200-c977-4217-8e45-d5b1c6479647" testId="3d846bde-5444-6a99-8265-7e5434857dd0" testName="Nzr.Orm.Tests.Core.TransactionTest.Operation_WithRollbackTransaction_ShouldNotChangeDatabase" computerName="WORKSTATION" duration="00:00:00.0090000" startTime="2019-11-13T00:45:50.2367403-03:00" endTime="2019-11-13T00:45:50.2367412-03:00" testType="13cdc9d9-ddb5-4fa4-a97d-d965ccfc6d4b" outcome="Passed" testListId="8c84fa94-04c1-424b-9868-57a2d4851a1d" relativeResultsDirectory="fbe50200-c977-4217-8e45-d5b1c6479647" />
    <UnitTestResult executionId="7bce7cb2-d6ed-4fc5-ab2a-3775eedf84db" testId="acc41e16-18e7-e812-41df-828456873595" testName="Nzr.Orm.Tests.Core.InsertTest.Insert_WithAutoGeneratedId_ShouldInsertAndSetId" computerName="WORKSTATION" duration="00:00:00.0270000" startTime="2019-11-13T00:45:49.8337997-03:00" endTime="2019-11-13T00:45:49.8338006-03:00" testType="13cdc9d9-ddb5-4fa4-a97d-d965ccfc6d4b" outcome="Passed" testListId="8c84fa94-04c1-424b-9868-57a2d4851a1d" relativeResultsDirectory="7bce7cb2-d6ed-4fc5-ab2a-3775eedf84db" />
    <UnitTestResult executionId="5439bfeb-0a89-4b01-990c-93a1e460093e" testId="57b32182-a093-4f1d-6744-3790a0b77f49" testName="Nzr.Orm.Tests.Core.InsertTest.WarmUp" computerName="WORKSTATION" duration="00:00:00.0020000" startTime="2019-11-13T00:45:49.8067667-03:00" endTime="2019-11-13T00:45:49.8067674-03:00" testType="13cdc9d9-ddb5-4fa4-a97d-d965ccfc6d4b" outcome="Passed" testListId="8c84fa94-04c1-424b-9868-57a2d4851a1d" relativeResultsDirectory="5439bfeb-0a89-4b01-990c-93a1e460093e" />
    <UnitTestResult executionId="f0b5abfa-00c2-4035-9892-caa431932ced" testId="746ed4fb-f421-88ed-dc67-814ec87eabaf" testName="Nzr.Orm.Tests.Core.ConnectionManagerTest.NewDao_WithoutConnectionManager_ShouldUseDefaultConnectionManager" computerName="WORKSTATION" duration="00:00:00.0050000" startTime="2019-11-13T00:45:49.6363396-03:00" endTime="2019-11-13T00:45:49.6363403-03:00" testType="13cdc9d9-ddb5-4fa4-a97d-d965ccfc6d4b" outcome="Passed" testListId="8c84fa94-04c1-424b-9868-57a2d4851a1d" relativeResultsDirectory="f0b5abfa-00c2-4035-9892-caa431932ced" />
    <UnitTestResult executionId="6a033991-b55c-4c81-906a-db73569d5081" testId="0f544c30-45ef-1cf0-e24e-4241443920ed" testName="Nzr.Orm.Tests.Core.DeleteTest.Delete_WithWhereClause_ShouldDeleteEntities" computerName="WORKSTATION" duration="00:00:00.0220000" startTime="2019-11-13T00:45:49.6587304-03:00" endTime="2019-11-13T00:45:49.6587313-03:00" testType="13cdc9d9-ddb5-4fa4-a97d-d965ccfc6d4b" outcome="Passed" testListId="8c84fa94-04c1-424b-9868-57a2d4851a1d" relativeResultsDirectory="6a033991-b55c-4c81-906a-db73569d5081" />
    <UnitTestResult executionId="da97d0c7-b0bd-4396-b6c7-8f6fd8b59620" testId="3f26d49f-a916-f5ab-851d-2c3f6ade4bfa" testName="Nzr.Orm.Tests.Core.SelectTest.Select_WithInClause_ShouldReturnEntitiesWithPropertyValuesInRange" computerName="WORKSTATION" duration="00:00:00.0480000" startTime="2019-11-13T00:45:50.0081506-03:00" endTime="2019-11-13T00:45:50.0081512-03:00" testType="13cdc9d9-ddb5-4fa4-a97d-d965ccfc6d4b" outcome="Passed" testListId="8c84fa94-04c1-424b-9868-57a2d4851a1d" relativeResultsDirectory="da97d0c7-b0bd-4396-b6c7-8f6fd8b59620" />
    <UnitTestResult executionId="c5f4c078-87d4-47c5-8e21-2d610218facf" testId="d1eacc34-248e-827c-a60c-24d140753f5a" testName="Nzr.Orm.Tests.Core.InsertTest.Insert_WithSchemaDefined_ShouldInsertOverridingDaoSchema" computerName="WORKSTATION" duration="00:00:00.0070000" startTime="2019-11-13T00:45:49.8654965-03:00" endTime="2019-11-13T00:45:49.8654971-03:00" testType="13cdc9d9-ddb5-4fa4-a97d-d965ccfc6d4b" outcome="Passed" testListId="8c84fa94-04c1-424b-9868-57a2d4851a1d" relativeResultsDirectory="c5f4c078-87d4-47c5-8e21-2d610218facf" />
    <UnitTestResult executionId="4d5c7a61-a3c7-4b03-8ee9-7b41274fca17" testId="be3f01f0-8e6d-c61f-4f8f-1ac73110c2bb" testName="Nzr.Orm.Tests.Core.DeleteTest.WarmUp" computerName="WORKSTATION" duration="00:00:00.0020000" startTime="2019-11-13T00:45:49.6784449-03:00" endTime="2019-11-13T00:45:49.6784454-03:00" testType="13cdc9d9-ddb5-4fa4-a97d-d965ccfc6d4b" outcome="Passed" testListId="8c84fa94-04c1-424b-9868-57a2d4851a1d" relativeResultsDirectory="4d5c7a61-a3c7-4b03-8ee9-7b41274fca17" />
    <UnitTestResult executionId="72f5d853-9557-424b-a352-62c3fcd12489" testId="e7e55ff6-13e6-e7ce-d6b5-8a74bd8a18d7" testName="Nzr.Orm.Tests.Core.DeleteTest.Delete_WithResultDiffExpectedResult_ShouldThrowException" computerName="WORKSTATION" duration="00:00:00.0230000" startTime="2019-11-13T00:45:49.7018042-03:00" endTime="2019-11-13T00:45:49.7018049-03:00" testType="13cdc9d9-ddb5-4fa4-a97d-d965ccfc6d4b" outcome="Passed" testListId="8c84fa94-04c1-424b-9868-57a2d4851a1d" relativeResultsDirectory="72f5d853-9557-424b-a352-62c3fcd12489" />
    <UnitTestResult executionId="6c7b8450-c906-4448-83b2-03d2efe0b1b1" testId="b75241f4-f0c3-6f58-a1fe-f290bf44f826" testName="Nzr.Orm.Tests.Core.InsertTest.Insert_WithNotDecoratedEntity_ShouldInsertBasedOnNamingStyle" computerName="WORKSTATION" duration="00:00:00.0030000" startTime="2019-11-13T00:45:49.8690972-03:00" endTime="2019-11-13T00:45:49.8690978-03:00" testType="13cdc9d9-ddb5-4fa4-a97d-d965ccfc6d4b" outcome="Passed" testListId="8c84fa94-04c1-424b-9868-57a2d4851a1d" relativeResultsDirectory="6c7b8450-c906-4448-83b2-03d2efe0b1b1" />
    <UnitTestResult executionId="0d3ffa36-0584-4359-8a09-42f0947205a6" testId="2506889b-4c53-4c2a-8745-58773fabaf59" testName="Nzr.Orm.Tests.Core.SelectTest.WarmUp" computerName="WORKSTATION" duration="00:00:00.0020000" startTime="2019-11-13T00:45:50.0103960-03:00" endTime="2019-11-13T00:45:50.0103966-03:00" testType="13cdc9d9-ddb5-4fa4-a97d-d965ccfc6d4b" outcome="Passed" testListId="8c84fa94-04c1-424b-9868-57a2d4851a1d" relativeResultsDirectory="0d3ffa36-0584-4359-8a09-42f0947205a6" />
    <UnitTestResult executionId="98449682-5e92-4623-bd84-3d07c1f757c5" testId="310f734b-2cc3-f654-8474-8323f3764150" testName="Nzr.Orm.Tests.Core.SelectTest.Select_WithTwoForeignObject_ShouldReturnComplete" computerName="WORKSTATION" duration="00:00:00.0370000" startTime="2019-11-13T00:45:50.2250891-03:00" endTime="2019-11-13T00:45:50.2250898-03:00" testType="13cdc9d9-ddb5-4fa4-a97d-d965ccfc6d4b" outcome="Passed" testListId="8c84fa94-04c1-424b-9868-57a2d4851a1d" relativeResultsDirectory="98449682-5e92-4623-bd84-3d07c1f757c5" />
    <UnitTestResult executionId="96fe470d-09cd-4695-8c38-0bfddabafaa5" testId="7e334687-f39d-2a95-0028-7c654784fa8c" testName="Nzr.Orm.Tests.Core.UpdateTest.WarmUp" computerName="WORKSTATION" duration="00:00:00.0020000" startTime="2019-11-13T00:45:50.2459756-03:00" endTime="2019-11-13T00:45:50.2459762-03:00" testType="13cdc9d9-ddb5-4fa4-a97d-d965ccfc6d4b" outcome="Passed" testListId="8c84fa94-04c1-424b-9868-57a2d4851a1d" relativeResultsDirectory="96fe470d-09cd-4695-8c38-0bfddabafaa5" />
    <UnitTestResult executionId="b0af10dd-fd6f-4b74-a71a-7322b44deec5" testId="08937ec3-04b0-bac8-2f83-52a5b5ae56f2" testName="Nzr.Orm.Tests.Core.UpdateTest.Update_WithSetStatement_ShouldUpdateOnlySpecifiedProperties" computerName="WORKSTATION" duration="00:00:00.0160000" startTime="2019-11-13T00:45:50.3840868-03:00" endTime="2019-11-13T00:45:50.3840875-03:00" testType="13cdc9d9-ddb5-4fa4-a97d-d965ccfc6d4b" outcome="Passed" testListId="8c84fa94-04c1-424b-9868-57a2d4851a1d" relativeResultsDirectory="b0af10dd-fd6f-4b74-a71a-7322b44deec5" />
    <UnitTestResult executionId="1ceff121-b4cd-4b07-8d64-9ab0a1057492" testId="6caa6f43-f112-b16d-7120-bc6f965ffdfd" testName="Nzr.Orm.Tests.Core.HowToUseTest.Crud_WithEntity_ShouldInsertSelectUpdateSumAndDelete" computerName="WORKSTATION" duration="00:00:00.0210000" startTime="2019-11-13T00:45:49.8029450-03:00" endTime="2019-11-13T00:45:49.8029461-03:00" testType="13cdc9d9-ddb5-4fa4-a97d-d965ccfc6d4b" outcome="Passed" testListId="8c84fa94-04c1-424b-9868-57a2d4851a1d" relativeResultsDirectory="1ceff121-b4cd-4b07-8d64-9ab0a1057492" />
    <UnitTestResult executionId="e1b2563a-e07b-4306-8187-d14a62c28e0a" testId="f586f76f-f563-0a93-a859-b3fda7f43dc9" testName="Nzr.Orm.Tests.Core.UpdateTest.Update_WithResultDiffExpectedResult_ShouldThrowException" computerName="WORKSTATION" duration="00:00:00.0110000" startTime="2019-11-13T00:45:50.2706525-03:00" endTime="2019-11-13T00:45:50.2706534-03:00" testType="13cdc9d9-ddb5-4fa4-a97d-d965ccfc6d4b" outcome="Passed" testListId="8c84fa94-04c1-424b-9868-57a2d4851a1d" relativeResultsDirectory="e1b2563a-e07b-4306-8187-d14a62c28e0a" />
    <UnitTestResult executionId="6dfaa495-c355-4ac5-89b0-45d5abe8cbce" testId="37de58db-2c23-b4aa-d398-be413c219647" testName="Nzr.Orm.Tests.Core.SelectTest.Select_WithLeftJoinEntities_ShouldReturnAllCompleteEntities" computerName="WORKSTATION" duration="00:00:00.0620000" startTime="2019-11-13T00:45:50.1880839-03:00" endTime="2019-11-13T00:45:50.1880844-03:00" testType="13cdc9d9-ddb5-4fa4-a97d-d965ccfc6d4b" outcome="Passed" testListId="8c84fa94-04c1-424b-9868-57a2d4851a1d" relativeResultsDirectory="6dfaa495-c355-4ac5-89b0-45d5abe8cbce" />
    <UnitTestResult executionId="9453b07e-f7ba-401f-899e-888877e214f9" testId="1aa8b00a-0af8-584a-e056-8016685a2629" testName="Nzr.Orm.Tests.Core.AliasTest.Query_UsingBuilders_ShouldWork" computerName="WORKSTATION" duration="00:00:00.0980000" startTime="2019-11-13T00:45:49.5792080-03:00" endTime="2019-11-13T00:45:49.5792087-03:00" testType="13cdc9d9-ddb5-4fa4-a97d-d965ccfc6d4b" outcome="Passed" testListId="8c84fa94-04c1-424b-9868-57a2d4851a1d" relativeResultsDirectory="9453b07e-f7ba-401f-899e-888877e214f9" />
    <UnitTestResult executionId="2c91f16b-74e2-4fa0-b84e-4e55431d6659" testId="0230a83b-644f-5a8f-ec3d-02f2bf92e75d" testName="Nzr.Orm.Tests.Core.AggregateTest.Aggregate_WithWhereClause_ShouldReturnCalculatedValuesForSpecificEntities" computerName="WORKSTATION" duration="00:00:00.0650000" startTime="2019-11-13T00:45:49.4425447-03:00" endTime="2019-11-13T00:45:49.4425457-03:00" testType="13cdc9d9-ddb5-4fa4-a97d-d965ccfc6d4b" outcome="Passed" testListId="8c84fa94-04c1-424b-9868-57a2d4851a1d" relativeResultsDirectory="2c91f16b-74e2-4fa0-b84e-4e55431d6659" />
    <UnitTestResult executionId="1cb9e14b-8ebf-4c9f-854a-61be6a38830f" testId="86b44368-2f60-db0a-ff92-48b77ec25ff5" testName="Nzr.Orm.Tests.Core.ConnectionManagerTest.WarmUp" computerName="WORKSTATION" duration="00:00:00.0020000" startTime="2019-11-13T00:45:49.6097714-03:00" endTime="2019-11-13T00:45:49.6097720-03:00" testType="13cdc9d9-ddb5-4fa4-a97d-d965ccfc6d4b" outcome="Passed" testListId="8c84fa94-04c1-424b-9868-57a2d4851a1d" relativeResultsDirectory="1cb9e14b-8ebf-4c9f-854a-61be6a38830f" />
    <UnitTestResult executionId="e3a5cbac-2f0c-42ee-aaa9-dc4e9a5cbd6a" testId="23b2e53f-fdfe-176d-e006-9a740267b358" testName="Nzr.Orm.Tests.Core.SelectTest.Select_WithId_ShouldReturnSingleEntity" computerName="WORKSTATION" duration="00:00:00.0040000" startTime="2019-11-13T00:45:49.9286001-03:00" endTime="2019-11-13T00:45:49.9286009-03:00" testType="13cdc9d9-ddb5-4fa4-a97d-d965ccfc6d4b" outcome="Passed" testListId="8c84fa94-04c1-424b-9868-57a2d4851a1d" relativeResultsDirectory="e3a5cbac-2f0c-42ee-aaa9-dc4e9a5cbd6a" />
    <UnitTestResult executionId="e2507d8d-e364-4c3d-8c7c-4c73cfa66b7c" testId="5be77ac6-458b-bad6-4e36-4b217cee732c" testName="Nzr.Orm.Tests.Core.AliasTest.Aggregate_UsingBuilders_ShouldWork" computerName="WORKSTATION" duration="00:00:00.0290000" startTime="2019-11-13T00:45:49.4791453-03:00" endTime="2019-11-13T00:45:49.4791461-03:00" testType="13cdc9d9-ddb5-4fa4-a97d-d965ccfc6d4b" outcome="Passed" testListId="8c84fa94-04c1-424b-9868-57a2d4851a1d" relativeResultsDirectory="e2507d8d-e364-4c3d-8c7c-4c73cfa66b7c" />
    <UnitTestResult executionId="8e6edbe1-60f0-40da-b733-db32807b9761" testId="56cb6bf7-9f76-f6cc-632c-68f2cb64242f" testName="Nzr.Orm.Tests.Core.UpdateTest.Update_WithForeignKey_ShouldUpdateOnlyFirstLevelEntity" computerName="WORKSTATION" duration="00:00:00.0810000" startTime="2019-11-13T00:45:50.3520220-03:00" endTime="2019-11-13T00:45:50.3520227-03:00" testType="13cdc9d9-ddb5-4fa4-a97d-d965ccfc6d4b" outcome="Passed" testListId="8c84fa94-04c1-424b-9868-57a2d4851a1d" relativeResultsDirectory="8e6edbe1-60f0-40da-b733-db32807b9761" />
    <UnitTestResult executionId="8a75f633-e974-41e7-896f-42a73be4f450" testId="f3d71ada-f9b7-1804-6899-be19cca59754" testName="Nzr.Orm.Tests.Core.AggregateTest.WarmUp" computerName="WORKSTATION" duration="00:00:00.0030000" startTime="2019-11-13T00:45:49.4452446-03:00" endTime="2019-11-13T00:45:49.4452454-03:00" testType="13cdc9d9-ddb5-4fa4-a97d-d965ccfc6d4b" outcome="Passed" testListId="8c84fa94-04c1-424b-9868-57a2d4851a1d" relativeResultsDirectory="8a75f633-e974-41e7-896f-42a73be4f450" />
    <UnitTestResult executionId="326d4ded-ff28-4a83-816d-4f7084129a59" testId="c021a647-bdd2-94de-67d0-9e220ec90889" testName="Nzr.Orm.Tests.Core.SelectTest.Select_WithInClauseWithEmptyArrayWithHandleEmptyInArgsFalse_ShouldReturnThrowException" computerName="WORKSTATION" duration="00:00:00.0050000" startTime="2019-11-13T00:45:49.9339624-03:00" endTime="2019-11-13T00:45:49.9339632-03:00" testType="13cdc9d9-ddb5-4fa4-a97d-d965ccfc6d4b" outcome="Passed" testListId="8c84fa94-04c1-424b-9868-57a2d4851a1d" relativeResultsDirectory="326d4ded-ff28-4a83-816d-4f7084129a59" />
  </Results>
  <TestDefinitions>
    <UnitTest name="Nzr.Orm.Tests.Core.InsertTest.Insert_WithNullEntity_ShouldThrowNullReferenceException" storage="c:\workspace\personal\nzr.orm\dotnet\nzr.orm.tests\bin\debug\netcoreapp2.2\nzr.orm.tests.dll" id="aaef698a-8fb4-027d-e246-753ff4a55197">
      <Execution id="6d44db1c-df74-4efc-afa6-72aef03e122f" />
      <TestMethod codeBase="C:\workspace\personal\Nzr.Orm\dotnet\Nzr.Orm.Tests\bin\Debug\netcoreapp2.2\Nzr.Orm.Tests.dll" adapterTypeName="executor://xunit/VsTestRunner2/netcoreapp" className="Nzr.Orm.Tests.Core.InsertTest" name="Nzr.Orm.Tests.Core.InsertTest.Insert_WithNullEntity_ShouldThrowNullReferenceException" />
    </UnitTest>
    <UnitTest name="Nzr.Orm.Tests.Core.TransactionTest.WarmUp" storage="c:\workspace\personal\nzr.orm\dotnet\nzr.orm.tests\bin\debug\netcoreapp2.2\nzr.orm.tests.dll" id="f3e524ff-d42a-775e-9f5e-54b9d3ac7bca">
      <Execution id="c2235d25-b401-4251-9213-e4e59557e16b" />
      <TestMethod codeBase="C:\workspace\personal\Nzr.Orm\dotnet\Nzr.Orm.Tests\bin\Debug\netcoreapp2.2\Nzr.Orm.Tests.dll" adapterTypeName="executor://xunit/VsTestRunner2/netcoreapp" className="Nzr.Orm.Tests.Core.TransactionTest" name="Nzr.Orm.Tests.Core.TransactionTest.WarmUp" />
    </UnitTest>
    <UnitTest name="Nzr.Orm.Tests.Core.SelectTest.Select_WithInnerJoinEntitiesByGivingForeignId_ShouldReturnCompleteEntities" storage="c:\workspace\personal\nzr.orm\dotnet\nzr.orm.tests\bin\debug\netcoreapp2.2\nzr.orm.tests.dll" id="4419b877-270e-497e-a06c-0b6c3e2f97b2">
      <Execution id="9f7026a8-5110-443d-a61c-c1fca1e175aa" />
      <TestMethod codeBase="C:\workspace\personal\Nzr.Orm\dotnet\Nzr.Orm.Tests\bin\Debug\netcoreapp2.2\Nzr.Orm.Tests.dll" adapterTypeName="executor://xunit/VsTestRunner2/netcoreapp" className="Nzr.Orm.Tests.Core.SelectTest" name="Nzr.Orm.Tests.Core.SelectTest.Select_WithInnerJoinEntitiesByGivingForeignId_ShouldReturnCompleteEntities" />
    </UnitTest>
    <UnitTest name="Nzr.Orm.Tests.Core.ConnectionManagerTest.WarmUp" storage="c:\workspace\personal\nzr.orm\dotnet\nzr.orm.tests\bin\debug\netcoreapp2.2\nzr.orm.tests.dll" id="86b44368-2f60-db0a-ff92-48b77ec25ff5">
      <Execution id="1cb9e14b-8ebf-4c9f-854a-61be6a38830f" />
      <TestMethod codeBase="C:\workspace\personal\Nzr.Orm\dotnet\Nzr.Orm.Tests\bin\Debug\netcoreapp2.2\Nzr.Orm.Tests.dll" adapterTypeName="executor://xunit/VsTestRunner2/netcoreapp" className="Nzr.Orm.Tests.Core.ConnectionManagerTest" name="Nzr.Orm.Tests.Core.ConnectionManagerTest.WarmUp" />
    </UnitTest>
    <UnitTest name="Nzr.Orm.Tests.Core.ConnectionManagerTest.NewDao_WithoutConnectionManager_ShouldUseDefaultConnectionManager" storage="c:\workspace\personal\nzr.orm\dotnet\nzr.orm.tests\bin\debug\netcoreapp2.2\nzr.orm.tests.dll" id="746ed4fb-f421-88ed-dc67-814ec87eabaf">
      <Execution id="f0b5abfa-00c2-4035-9892-caa431932ced" />
      <TestMethod codeBase="C:\workspace\personal\Nzr.Orm\dotnet\Nzr.Orm.Tests\bin\Debug\netcoreapp2.2\Nzr.Orm.Tests.dll" adapterTypeName="executor://xunit/VsTestRunner2/netcoreapp" className="Nzr.Orm.Tests.Core.ConnectionManagerTest" name="Nzr.Orm.Tests.Core.ConnectionManagerTest.NewDao_WithoutConnectionManager_ShouldUseDefaultConnectionManager" />
    </UnitTest>
    <UnitTest name="Nzr.Orm.Tests.Core.InsertTest.Insert_WithNotDecoratedEntity_ShouldInsertBasedOnNamingStyle" storage="c:\workspace\personal\nzr.orm\dotnet\nzr.orm.tests\bin\debug\netcoreapp2.2\nzr.orm.tests.dll" id="b75241f4-f0c3-6f58-a1fe-f290bf44f826">
      <Execution id="6c7b8450-c906-4448-83b2-03d2efe0b1b1" />
      <TestMethod codeBase="C:\workspace\personal\Nzr.Orm\dotnet\Nzr.Orm.Tests\bin\Debug\netcoreapp2.2\Nzr.Orm.Tests.dll" adapterTypeName="executor://xunit/VsTestRunner2/netcoreapp" className="Nzr.Orm.Tests.Core.InsertTest" name="Nzr.Orm.Tests.Core.InsertTest.Insert_WithNotDecoratedEntity_ShouldInsertBasedOnNamingStyle" />
    </UnitTest>
    <UnitTest name="Nzr.Orm.Tests.Core.DeleteTest.Delete_WithEntity_ShouldDeleteOneEntity" storage="c:\workspace\personal\nzr.orm\dotnet\nzr.orm.tests\bin\debug\netcoreapp2.2\nzr.orm.tests.dll" id="38ce0fee-42a5-be37-bc2c-ea721b1ded32">
      <Execution id="e03be660-eeb9-44b4-9969-6f8d6b5121a8" />
      <TestMethod codeBase="C:\workspace\personal\Nzr.Orm\dotnet\Nzr.Orm.Tests\bin\Debug\netcoreapp2.2\Nzr.Orm.Tests.dll" adapterTypeName="executor://xunit/VsTestRunner2/netcoreapp" className="Nzr.Orm.Tests.Core.DeleteTest" name="Nzr.Orm.Tests.Core.DeleteTest.Delete_WithEntity_ShouldDeleteOneEntity" />
    </UnitTest>
    <UnitTest name="Nzr.Orm.Tests.Core.TransactionTest.Operation_WithExceptionButManualHAndling_ShouldNotRollback" storage="c:\workspace\personal\nzr.orm\dotnet\nzr.orm.tests\bin\debug\netcoreapp2.2\nzr.orm.tests.dll" id="b8b10556-d99f-8160-07f3-a9a88fbf4878">
      <Execution id="e14d1d0b-03ae-412b-afca-d4925ae97384" />
      <TestMethod codeBase="C:\workspace\personal\Nzr.Orm\dotnet\Nzr.Orm.Tests\bin\Debug\netcoreapp2.2\Nzr.Orm.Tests.dll" adapterTypeName="executor://xunit/VsTestRunner2/netcoreapp" className="Nzr.Orm.Tests.Core.TransactionTest" name="Nzr.Orm.Tests.Core.TransactionTest.Operation_WithExceptionButManualHAndling_ShouldNotRollback" />
    </UnitTest>
    <UnitTest name="Nzr.Orm.Tests.Core.SelectTest.Select_WithLimit_ShouldReturnEntitiesUpToLimit" storage="c:\workspace\personal\nzr.orm\dotnet\nzr.orm.tests\bin\debug\netcoreapp2.2\nzr.orm.tests.dll" id="a7f31066-1884-20cb-8052-3795ce522a06">
      <Execution id="60225578-0c29-43a3-b019-91e9ff6050fe" />
      <TestMethod codeBase="C:\workspace\personal\Nzr.Orm\dotnet\Nzr.Orm.Tests\bin\Debug\netcoreapp2.2\Nzr.Orm.Tests.dll" adapterTypeName="executor://xunit/VsTestRunner2/netcoreapp" className="Nzr.Orm.Tests.Core.SelectTest" name="Nzr.Orm.Tests.Core.SelectTest.Select_WithLimit_ShouldReturnEntitiesUpToLimit" />
    </UnitTest>
    <UnitTest name="Nzr.Orm.Tests.Core.InsertTest.Insert_WithAutoGeneratedId_ShouldInsertAndSetId" storage="c:\workspace\personal\nzr.orm\dotnet\nzr.orm.tests\bin\debug\netcoreapp2.2\nzr.orm.tests.dll" id="acc41e16-18e7-e812-41df-828456873595">
      <Execution id="7bce7cb2-d6ed-4fc5-ab2a-3775eedf84db" />
      <TestMethod codeBase="C:\workspace\personal\Nzr.Orm\dotnet\Nzr.Orm.Tests\bin\Debug\netcoreapp2.2\Nzr.Orm.Tests.dll" adapterTypeName="executor://xunit/VsTestRunner2/netcoreapp" className="Nzr.Orm.Tests.Core.InsertTest" name="Nzr.Orm.Tests.Core.InsertTest.Insert_WithAutoGeneratedId_ShouldInsertAndSetId" />
    </UnitTest>
    <UnitTest name="Nzr.Orm.Tests.Core.UpdateTest.WarmUp" storage="c:\workspace\personal\nzr.orm\dotnet\nzr.orm.tests\bin\debug\netcoreapp2.2\nzr.orm.tests.dll" id="7e334687-f39d-2a95-0028-7c654784fa8c">
      <Execution id="96fe470d-09cd-4695-8c38-0bfddabafaa5" />
      <TestMethod codeBase="C:\workspace\personal\Nzr.Orm\dotnet\Nzr.Orm.Tests\bin\Debug\netcoreapp2.2\Nzr.Orm.Tests.dll" adapterTypeName="executor://xunit/VsTestRunner2/netcoreapp" className="Nzr.Orm.Tests.Core.UpdateTest" name="Nzr.Orm.Tests.Core.UpdateTest.WarmUp" />
    </UnitTest>
    <UnitTest name="Nzr.Orm.Tests.Core.UpdateTest.Update_WithEntity_ShouldUpdateAllChangedProperties" storage="c:\workspace\personal\nzr.orm\dotnet\nzr.orm.tests\bin\debug\netcoreapp2.2\nzr.orm.tests.dll" id="a9fd742e-d857-7f7b-8c31-da162119afd6">
      <Execution id="432caa4b-5078-4e7f-9869-d881bd9b4028" />
      <TestMethod codeBase="C:\workspace\personal\Nzr.Orm\dotnet\Nzr.Orm.Tests\bin\Debug\netcoreapp2.2\Nzr.Orm.Tests.dll" adapterTypeName="executor://xunit/VsTestRunner2/netcoreapp" className="Nzr.Orm.Tests.Core.UpdateTest" name="Nzr.Orm.Tests.Core.UpdateTest.Update_WithEntity_ShouldUpdateAllChangedProperties" />
    </UnitTest>
    <UnitTest name="Nzr.Orm.Tests.Core.AliasTest.Aggregate_UsingBuilders_ShouldWork" storage="c:\workspace\personal\nzr.orm\dotnet\nzr.orm.tests\bin\debug\netcoreapp2.2\nzr.orm.tests.dll" id="5be77ac6-458b-bad6-4e36-4b217cee732c">
      <Execution id="e2507d8d-e364-4c3d-8c7c-4c73cfa66b7c" />
      <TestMethod codeBase="C:\workspace\personal\Nzr.Orm\dotnet\Nzr.Orm.Tests\bin\Debug\netcoreapp2.2\Nzr.Orm.Tests.dll" adapterTypeName="executor://xunit/VsTestRunner2/netcoreapp" className="Nzr.Orm.Tests.Core.AliasTest" name="Nzr.Orm.Tests.Core.AliasTest.Aggregate_UsingBuilders_ShouldWork" />
    </UnitTest>
    <UnitTest name="Nzr.Orm.Tests.Core.AggregateTest.Aggregate_WithWhereClause_ShouldReturnCalculatedValuesForSpecificEntities" storage="c:\workspace\personal\nzr.orm\dotnet\nzr.orm.tests\bin\debug\netcoreapp2.2\nzr.orm.tests.dll" id="0230a83b-644f-5a8f-ec3d-02f2bf92e75d">
      <Execution id="2c91f16b-74e2-4fa0-b84e-4e55431d6659" />
      <TestMethod codeBase="C:\workspace\personal\Nzr.Orm\dotnet\Nzr.Orm.Tests\bin\Debug\netcoreapp2.2\Nzr.Orm.Tests.dll" adapterTypeName="executor://xunit/VsTestRunner2/netcoreapp" className="Nzr.Orm.Tests.Core.AggregateTest" name="Nzr.Orm.Tests.Core.AggregateTest.Aggregate_WithWhereClause_ShouldReturnCalculatedValuesForSpecificEntities" />
    </UnitTest>
    <UnitTest name="Nzr.Orm.Tests.Core.DeleteTest.Delete_WithResultDiffExpectedResult_ShouldThrowException" storage="c:\workspace\personal\nzr.orm\dotnet\nzr.orm.tests\bin\debug\netcoreapp2.2\nzr.orm.tests.dll" id="e7e55ff6-13e6-e7ce-d6b5-8a74bd8a18d7">
      <Execution id="72f5d853-9557-424b-a352-62c3fcd12489" />
      <TestMethod codeBase="C:\workspace\personal\Nzr.Orm\dotnet\Nzr.Orm.Tests\bin\Debug\netcoreapp2.2\Nzr.Orm.Tests.dll" adapterTypeName="executor://xunit/VsTestRunner2/netcoreapp" className="Nzr.Orm.Tests.Core.DeleteTest" name="Nzr.Orm.Tests.Core.DeleteTest.Delete_WithResultDiffExpectedResult_ShouldThrowException" />
    </UnitTest>
    <UnitTest name="Nzr.Orm.Tests.Core.SelectTest.Select_WithBetweenClause_ShouldReturnEntitiesWithPropertyValuesInRange" storage="c:\workspace\personal\nzr.orm\dotnet\nzr.orm.tests\bin\debug\netcoreapp2.2\nzr.orm.tests.dll" id="44b1cde0-de0f-45b4-ee7c-541708dc4a96">
      <Execution id="2313a491-62c6-439f-bf4f-c8d840413888" />
      <TestMethod codeBase="C:\workspace\personal\Nzr.Orm\dotnet\Nzr.Orm.Tests\bin\Debug\netcoreapp2.2\Nzr.Orm.Tests.dll" adapterTypeName="executor://xunit/VsTestRunner2/netcoreapp" className="Nzr.Orm.Tests.Core.SelectTest" name="Nzr.Orm.Tests.Core.SelectTest.Select_WithBetweenClause_ShouldReturnEntitiesWithPropertyValuesInRange" />
    </UnitTest>
    <UnitTest name="Nzr.Orm.Tests.Core.UpdateTest.Update_WithSetStatement_ShouldUpdateOnlySpecifiedProperties" storage="c:\workspace\personal\nzr.orm\dotnet\nzr.orm.tests\bin\debug\netcoreapp2.2\nzr.orm.tests.dll" id="08937ec3-04b0-bac8-2f83-52a5b5ae56f2">
      <Execution id="b0af10dd-fd6f-4b74-a71a-7322b44deec5" />
      <TestMethod codeBase="C:\workspace\personal\Nzr.Orm\dotnet\Nzr.Orm.Tests\bin\Debug\netcoreapp2.2\Nzr.Orm.Tests.dll" adapterTypeName="executor://xunit/VsTestRunner2/netcoreapp" className="Nzr.Orm.Tests.Core.UpdateTest" name="Nzr.Orm.Tests.Core.UpdateTest.Update_WithSetStatement_ShouldUpdateOnlySpecifiedProperties" />
    </UnitTest>
    <UnitTest name="Nzr.Orm.Tests.Core.InsertTest.Insert_ReferencingOtherEntities_ShouldRetriveForeignIdsAndInsert" storage="c:\workspace\personal\nzr.orm\dotnet\nzr.orm.tests\bin\debug\netcoreapp2.2\nzr.orm.tests.dll" id="3b923bb1-76d2-573f-d80a-efb49bf28772">
      <Execution id="0ecf838b-a6b6-4c3f-8821-266db74a5f26" />
      <TestMethod codeBase="C:\workspace\personal\Nzr.Orm\dotnet\Nzr.Orm.Tests\bin\Debug\netcoreapp2.2\Nzr.Orm.Tests.dll" adapterTypeName="executor://xunit/VsTestRunner2/netcoreapp" className="Nzr.Orm.Tests.Core.InsertTest" name="Nzr.Orm.Tests.Core.InsertTest.Insert_ReferencingOtherEntities_ShouldRetriveForeignIdsAndInsert" />
    </UnitTest>
    <UnitTest name="Nzr.Orm.Tests.Core.SelectTest.Select_WithId_ShouldReturnSingleEntity" storage="c:\workspace\personal\nzr.orm\dotnet\nzr.orm.tests\bin\debug\netcoreapp2.2\nzr.orm.tests.dll" id="23b2e53f-fdfe-176d-e006-9a740267b358">
      <Execution id="e3a5cbac-2f0c-42ee-aaa9-dc4e9a5cbd6a" />
      <TestMethod codeBase="C:\workspace\personal\Nzr.Orm\dotnet\Nzr.Orm.Tests\bin\Debug\netcoreapp2.2\Nzr.Orm.Tests.dll" adapterTypeName="executor://xunit/VsTestRunner2/netcoreapp" className="Nzr.Orm.Tests.Core.SelectTest" name="Nzr.Orm.Tests.Core.SelectTest.Select_WithId_ShouldReturnSingleEntity" />
    </UnitTest>
    <UnitTest name="Nzr.Orm.Tests.Core.UpdateTest.Update_WithSetAndWhere_ShouldUpdateOnlySpecifiedProperties" storage="c:\workspace\personal\nzr.orm\dotnet\nzr.orm.tests\bin\debug\netcoreapp2.2\nzr.orm.tests.dll" id="b5bcdd10-516d-8207-df7a-a6f0ef137dbc">
      <Execution id="0296bcdd-1151-4bc6-bfd5-cdf52b1a7aca" />
      <TestMethod codeBase="C:\workspace\personal\Nzr.Orm\dotnet\Nzr.Orm.Tests\bin\Debug\netcoreapp2.2\Nzr.Orm.Tests.dll" adapterTypeName="executor://xunit/VsTestRunner2/netcoreapp" className="Nzr.Orm.Tests.Core.UpdateTest" name="Nzr.Orm.Tests.Core.UpdateTest.Update_WithSetAndWhere_ShouldUpdateOnlySpecifiedProperties" />
    </UnitTest>
    <UnitTest name="Nzr.Orm.Tests.Core.RawQueryTest.ExecuteQuery_WithNoParameter_ShouldReturnEntities" storage="c:\workspace\personal\nzr.orm\dotnet\nzr.orm.tests\bin\debug\netcoreapp2.2\nzr.orm.tests.dll" id="26e715e3-2b90-f585-432b-99d816c362ee">
      <Execution id="2142b77e-eea9-4f2f-bae4-e0dc0f7a326a" />
      <TestMethod codeBase="C:\workspace\personal\Nzr.Orm\dotnet\Nzr.Orm.Tests\bin\Debug\netcoreapp2.2\Nzr.Orm.Tests.dll" adapterTypeName="executor://xunit/VsTestRunner2/netcoreapp" className="Nzr.Orm.Tests.Core.RawQueryTest" name="Nzr.Orm.Tests.Core.RawQueryTest.ExecuteQuery_WithNoParameter_ShouldReturnEntities" />
    </UnitTest>
    <UnitTest name="Nzr.Orm.Tests.Core.RawQueryTest.WarmUp" storage="c:\workspace\personal\nzr.orm\dotnet\nzr.orm.tests\bin\debug\netcoreapp2.2\nzr.orm.tests.dll" id="268cbd27-a2d9-149c-bc4e-a463f477b1b1">
      <Execution id="e40411a1-1944-46b9-b938-a0e3771ea3d4" />
      <TestMethod codeBase="C:\workspace\personal\Nzr.Orm\dotnet\Nzr.Orm.Tests\bin\Debug\netcoreapp2.2\Nzr.Orm.Tests.dll" adapterTypeName="executor://xunit/VsTestRunner2/netcoreapp" className="Nzr.Orm.Tests.Core.RawQueryTest" name="Nzr.Orm.Tests.Core.RawQueryTest.WarmUp" />
    </UnitTest>
    <UnitTest name="Nzr.Orm.Tests.Core.AggregateTest.Aggregate_WithoutWhereClauseShouldReturnCalculatedValuesForAllEntities" storage="c:\workspace\personal\nzr.orm\dotnet\nzr.orm.tests\bin\debug\netcoreapp2.2\nzr.orm.tests.dll" id="08459c55-b3e4-e589-48e6-282f825b7d36">
      <Execution id="39684165-1a32-4db6-ba64-df181fca20f8" />
      <TestMethod codeBase="C:\workspace\personal\Nzr.Orm\dotnet\Nzr.Orm.Tests\bin\Debug\netcoreapp2.2\Nzr.Orm.Tests.dll" adapterTypeName="executor://xunit/VsTestRunner2/netcoreapp" className="Nzr.Orm.Tests.Core.AggregateTest" name="Nzr.Orm.Tests.Core.AggregateTest.Aggregate_WithoutWhereClauseShouldReturnCalculatedValuesForAllEntities" />
    </UnitTest>
    <UnitTest name="Nzr.Orm.Tests.Core.AliasTest.WarmUp" storage="c:\workspace\personal\nzr.orm\dotnet\nzr.orm.tests\bin\debug\netcoreapp2.2\nzr.orm.tests.dll" id="97edfdf0-40a9-5982-aef3-b2e4c6493f64">
      <Execution id="6fccb88d-4c6c-4b35-ae0e-7f4d3daf94fa" />
      <TestMethod codeBase="C:\workspace\personal\Nzr.Orm\dotnet\Nzr.Orm.Tests\bin\Debug\netcoreapp2.2\Nzr.Orm.Tests.dll" adapterTypeName="executor://xunit/VsTestRunner2/netcoreapp" className="Nzr.Orm.Tests.Core.AliasTest" name="Nzr.Orm.Tests.Core.AliasTest.WarmUp" />
    </UnitTest>
    <UnitTest name="Nzr.Orm.Tests.Core.InsertTest.WarmUp" storage="c:\workspace\personal\nzr.orm\dotnet\nzr.orm.tests\bin\debug\netcoreapp2.2\nzr.orm.tests.dll" id="57b32182-a093-4f1d-6744-3790a0b77f49">
      <Execution id="5439bfeb-0a89-4b01-990c-93a1e460093e" />
      <TestMethod codeBase="C:\workspace\personal\Nzr.Orm\dotnet\Nzr.Orm.Tests\bin\Debug\netcoreapp2.2\Nzr.Orm.Tests.dll" adapterTypeName="executor://xunit/VsTestRunner2/netcoreapp" className="Nzr.Orm.Tests.Core.InsertTest" name="Nzr.Orm.Tests.Core.InsertTest.WarmUp" />
    </UnitTest>
    <UnitTest name="Nzr.Orm.Tests.Core.SelectTest.Select_WithInClauseWithEmptyArrayWithHandleEmptyInArgsFalse_ShouldReturnThrowException" storage="c:\workspace\personal\nzr.orm\dotnet\nzr.orm.tests\bin\debug\netcoreapp2.2\nzr.orm.tests.dll" id="c021a647-bdd2-94de-67d0-9e220ec90889">
      <Execution id="326d4ded-ff28-4a83-816d-4f7084129a59" />
      <TestMethod codeBase="C:\workspace\personal\Nzr.Orm\dotnet\Nzr.Orm.Tests\bin\Debug\netcoreapp2.2\Nzr.Orm.Tests.dll" adapterTypeName="executor://xunit/VsTestRunner2/netcoreapp" className="Nzr.Orm.Tests.Core.SelectTest" name="Nzr.Orm.Tests.Core.SelectTest.Select_WithInClauseWithEmptyArrayWithHandleEmptyInArgsFalse_ShouldReturnThrowException" />
    </UnitTest>
    <UnitTest name="Nzr.Orm.Tests.Core.SelectTest.Select_WithInClauseWithEmptyArrayWithHandleEmptyInArgsTrue_ShouldReturnCorrectResults" storage="c:\workspace\personal\nzr.orm\dotnet\nzr.orm.tests\bin\debug\netcoreapp2.2\nzr.orm.tests.dll" id="10960f47-5150-00d1-ec65-55b10aff30fa">
      <Execution id="543d699f-aab3-4907-9b92-b9ed812236a6" />
      <TestMethod codeBase="C:\workspace\personal\Nzr.Orm\dotnet\Nzr.Orm.Tests\bin\Debug\netcoreapp2.2\Nzr.Orm.Tests.dll" adapterTypeName="executor://xunit/VsTestRunner2/netcoreapp" className="Nzr.Orm.Tests.Core.SelectTest" name="Nzr.Orm.Tests.Core.SelectTest.Select_WithInClauseWithEmptyArrayWithHandleEmptyInArgsTrue_ShouldReturnCorrectResults" />
    </UnitTest>
    <UnitTest name="Nzr.Orm.Tests.Core.AliasTest.Query_UsingBuilders_ShouldWork" storage="c:\workspace\personal\nzr.orm\dotnet\nzr.orm.tests\bin\debug\netcoreapp2.2\nzr.orm.tests.dll" id="1aa8b00a-0af8-584a-e056-8016685a2629">
      <Execution id="9453b07e-f7ba-401f-899e-888877e214f9" />
      <TestMethod codeBase="C:\workspace\personal\Nzr.Orm\dotnet\Nzr.Orm.Tests\bin\Debug\netcoreapp2.2\Nzr.Orm.Tests.dll" adapterTypeName="executor://xunit/VsTestRunner2/netcoreapp" className="Nzr.Orm.Tests.Core.AliasTest" name="Nzr.Orm.Tests.Core.AliasTest.Query_UsingBuilders_ShouldWork" />
    </UnitTest>
    <UnitTest name="Nzr.Orm.Tests.Core.SelectTest.Select_WithInClause_ShouldReturnEntitiesWithPropertyValuesInRange" storage="c:\workspace\personal\nzr.orm\dotnet\nzr.orm.tests\bin\debug\netcoreapp2.2\nzr.orm.tests.dll" id="3f26d49f-a916-f5ab-851d-2c3f6ade4bfa">
      <Execution id="da97d0c7-b0bd-4396-b6c7-8f6fd8b59620" />
      <TestMethod codeBase="C:\workspace\personal\Nzr.Orm\dotnet\Nzr.Orm.Tests\bin\Debug\netcoreapp2.2\Nzr.Orm.Tests.dll" adapterTypeName="executor://xunit/VsTestRunner2/netcoreapp" className="Nzr.Orm.Tests.Core.SelectTest" name="Nzr.Orm.Tests.Core.SelectTest.Select_WithInClause_ShouldReturnEntitiesWithPropertyValuesInRange" />
    </UnitTest>
    <UnitTest name="Nzr.Orm.Tests.Core.HowToUseTest.Crud_WithEntity_ShouldInsertSelectUpdateSumAndDelete" storage="c:\workspace\personal\nzr.orm\dotnet\nzr.orm.tests\bin\debug\netcoreapp2.2\nzr.orm.tests.dll" id="6caa6f43-f112-b16d-7120-bc6f965ffdfd">
      <Execution id="1ceff121-b4cd-4b07-8d64-9ab0a1057492" />
      <TestMethod codeBase="C:\workspace\personal\Nzr.Orm\dotnet\Nzr.Orm.Tests\bin\Debug\netcoreapp2.2\Nzr.Orm.Tests.dll" adapterTypeName="executor://xunit/VsTestRunner2/netcoreapp" className="Nzr.Orm.Tests.Core.HowToUseTest" name="Nzr.Orm.Tests.Core.HowToUseTest.Crud_WithEntity_ShouldInsertSelectUpdateSumAndDelete" />
    </UnitTest>
    <UnitTest name="Nzr.Orm.Tests.Core.SelectTest.Select_WithAndOrCondition_ShouldReturnEntitiesWithOneOrOtherConditions" storage="c:\workspace\personal\nzr.orm\dotnet\nzr.orm.tests\bin\debug\netcoreapp2.2\nzr.orm.tests.dll" id="12d9cf54-71b2-5af7-f9e3-b82dad440122">
      <Execution id="494f3fb3-631c-417d-9187-1b88d6aae573" />
      <TestMethod codeBase="C:\workspace\personal\Nzr.Orm\dotnet\Nzr.Orm.Tests\bin\Debug\netcoreapp2.2\Nzr.Orm.Tests.dll" adapterTypeName="executor://xunit/VsTestRunner2/netcoreapp" className="Nzr.Orm.Tests.Core.SelectTest" name="Nzr.Orm.Tests.Core.SelectTest.Select_WithAndOrCondition_ShouldReturnEntitiesWithOneOrOtherConditions" />
    </UnitTest>
    <UnitTest name="Nzr.Orm.Tests.Core.TransactionTest.Operation_WithRollbackTransaction_ShouldNotChangeDatabase" storage="c:\workspace\personal\nzr.orm\dotnet\nzr.orm.tests\bin\debug\netcoreapp2.2\nzr.orm.tests.dll" id="3d846bde-5444-6a99-8265-7e5434857dd0">
      <Execution id="fbe50200-c977-4217-8e45-d5b1c6479647" />
      <TestMethod codeBase="C:\workspace\personal\Nzr.Orm\dotnet\Nzr.Orm.Tests\bin\Debug\netcoreapp2.2\Nzr.Orm.Tests.dll" adapterTypeName="executor://xunit/VsTestRunner2/netcoreapp" className="Nzr.Orm.Tests.Core.TransactionTest" name="Nzr.Orm.Tests.Core.TransactionTest.Operation_WithRollbackTransaction_ShouldNotChangeDatabase" />
    </UnitTest>
    <UnitTest name="Nzr.Orm.Tests.Core.DeleteTest.Delete_WithWhereClause_ShouldDeleteEntities" storage="c:\workspace\personal\nzr.orm\dotnet\nzr.orm.tests\bin\debug\netcoreapp2.2\nzr.orm.tests.dll" id="0f544c30-45ef-1cf0-e24e-4241443920ed">
      <Execution id="6a033991-b55c-4c81-906a-db73569d5081" />
      <TestMethod codeBase="C:\workspace\personal\Nzr.Orm\dotnet\Nzr.Orm.Tests\bin\Debug\netcoreapp2.2\Nzr.Orm.Tests.dll" adapterTypeName="executor://xunit/VsTestRunner2/netcoreapp" className="Nzr.Orm.Tests.Core.DeleteTest" name="Nzr.Orm.Tests.Core.DeleteTest.Delete_WithWhereClause_ShouldDeleteEntities" />
    </UnitTest>
    <UnitTest name="Nzr.Orm.Tests.Core.HowToUseTest.WarmUp" storage="c:\workspace\personal\nzr.orm\dotnet\nzr.orm.tests\bin\debug\netcoreapp2.2\nzr.orm.tests.dll" id="e542eb42-d95a-eac0-ffef-da3e1f209ed7">
      <Execution id="cff98d70-fcd9-4c6a-974c-e40895a8c122" />
      <TestMethod codeBase="C:\workspace\personal\Nzr.Orm\dotnet\Nzr.Orm.Tests\bin\Debug\netcoreapp2.2\Nzr.Orm.Tests.dll" adapterTypeName="executor://xunit/VsTestRunner2/netcoreapp" className="Nzr.Orm.Tests.Core.HowToUseTest" name="Nzr.Orm.Tests.Core.HowToUseTest.WarmUp" />
    </UnitTest>
    <UnitTest name="Nzr.Orm.Tests.Core.SelectTest.Select_UsingLike_ShouldReturnEntitiesBaseOnSubstrings" storage="c:\workspace\personal\nzr.orm\dotnet\nzr.orm.tests\bin\debug\netcoreapp2.2\nzr.orm.tests.dll" id="1a729415-bb63-3074-18cd-aba6f199f64c">
      <Execution id="4a3f5f6b-ddd0-44c7-86e1-74e799c3500d" />
      <TestMethod codeBase="C:\workspace\personal\Nzr.Orm\dotnet\Nzr.Orm.Tests\bin\Debug\netcoreapp2.2\Nzr.Orm.Tests.dll" adapterTypeName="executor://xunit/VsTestRunner2/netcoreapp" className="Nzr.Orm.Tests.Core.SelectTest" name="Nzr.Orm.Tests.Core.SelectTest.Select_UsingLike_ShouldReturnEntitiesBaseOnSubstrings" />
    </UnitTest>
    <UnitTest name="Nzr.Orm.Tests.Core.AggregateTest.WarmUp" storage="c:\workspace\personal\nzr.orm\dotnet\nzr.orm.tests\bin\debug\netcoreapp2.2\nzr.orm.tests.dll" id="f3d71ada-f9b7-1804-6899-be19cca59754">
      <Execution id="8a75f633-e974-41e7-896f-42a73be4f450" />
      <TestMethod codeBase="C:\workspace\personal\Nzr.Orm\dotnet\Nzr.Orm.Tests\bin\Debug\netcoreapp2.2\Nzr.Orm.Tests.dll" adapterTypeName="executor://xunit/VsTestRunner2/netcoreapp" className="Nzr.Orm.Tests.Core.AggregateTest" name="Nzr.Orm.Tests.Core.AggregateTest.WarmUp" />
    </UnitTest>
    <UnitTest name="Nzr.Orm.Tests.Core.DeleteTest.WarmUp" storage="c:\workspace\personal\nzr.orm\dotnet\nzr.orm.tests\bin\debug\netcoreapp2.2\nzr.orm.tests.dll" id="be3f01f0-8e6d-c61f-4f8f-1ac73110c2bb">
      <Execution id="4d5c7a61-a3c7-4b03-8ee9-7b41274fca17" />
      <TestMethod codeBase="C:\workspace\personal\Nzr.Orm\dotnet\Nzr.Orm.Tests\bin\Debug\netcoreapp2.2\Nzr.Orm.Tests.dll" adapterTypeName="executor://xunit/VsTestRunner2/netcoreapp" className="Nzr.Orm.Tests.Core.DeleteTest" name="Nzr.Orm.Tests.Core.DeleteTest.WarmUp" />
    </UnitTest>
    <UnitTest name="Nzr.Orm.Tests.Core.UpdateTest.Update_WithForeignKey_ShouldUpdateOnlyFirstLevelEntity" storage="c:\workspace\personal\nzr.orm\dotnet\nzr.orm.tests\bin\debug\netcoreapp2.2\nzr.orm.tests.dll" id="56cb6bf7-9f76-f6cc-632c-68f2cb64242f">
      <Execution id="8e6edbe1-60f0-40da-b733-db32807b9761" />
      <TestMethod codeBase="C:\workspace\personal\Nzr.Orm\dotnet\Nzr.Orm.Tests\bin\Debug\netcoreapp2.2\Nzr.Orm.Tests.dll" adapterTypeName="executor://xunit/VsTestRunner2/netcoreapp" className="Nzr.Orm.Tests.Core.UpdateTest" name="Nzr.Orm.Tests.Core.UpdateTest.Update_WithForeignKey_ShouldUpdateOnlyFirstLevelEntity" />
    </UnitTest>
    <UnitTest name="Nzr.Orm.Tests.Core.SelectTest.WarmUp" storage="c:\workspace\personal\nzr.orm\dotnet\nzr.orm.tests\bin\debug\netcoreapp2.2\nzr.orm.tests.dll" id="2506889b-4c53-4c2a-8745-58773fabaf59">
      <Execution id="0d3ffa36-0584-4359-8a09-42f0947205a6" />
      <TestMethod codeBase="C:\workspace\personal\Nzr.Orm\dotnet\Nzr.Orm.Tests\bin\Debug\netcoreapp2.2\Nzr.Orm.Tests.dll" adapterTypeName="executor://xunit/VsTestRunner2/netcoreapp" className="Nzr.Orm.Tests.Core.SelectTest" name="Nzr.Orm.Tests.Core.SelectTest.WarmUp" />
    </UnitTest>
    <UnitTest name="Nzr.Orm.Tests.Core.SelectTest.Select_WithCustomWhere_ShouldReturnListOfEntity" storage="c:\workspace\personal\nzr.orm\dotnet\nzr.orm.tests\bin\debug\netcoreapp2.2\nzr.orm.tests.dll" id="fc525a1f-6433-eb66-43dd-e4dde3ce8a5a">
      <Execution id="62f943c3-6235-4797-a00c-58d9da503f04" />
      <TestMethod codeBase="C:\workspace\personal\Nzr.Orm\dotnet\Nzr.Orm.Tests\bin\Debug\netcoreapp2.2\Nzr.Orm.Tests.dll" adapterTypeName="executor://xunit/VsTestRunner2/netcoreapp" className="Nzr.Orm.Tests.Core.SelectTest" name="Nzr.Orm.Tests.Core.SelectTest.Select_WithCustomWhere_ShouldReturnListOfEntity" />
    </UnitTest>
    <UnitTest name="Nzr.Orm.Tests.Core.SelectTest.Select_WithLeftJoinEntitiesWithOrderBy_ShouldReturnAllCompleteEntitiesInTheSpecifiedOrder" storage="c:\workspace\personal\nzr.orm\dotnet\nzr.orm.tests\bin\debug\netcoreapp2.2\nzr.orm.tests.dll" id="78b73bb5-239d-2be6-56c9-2fcf9393185b">
      <Execution id="f8350535-9e3f-4ffe-b528-af2ea28ddfec" />
      <TestMethod codeBase="C:\workspace\personal\Nzr.Orm\dotnet\Nzr.Orm.Tests\bin\Debug\netcoreapp2.2\Nzr.Orm.Tests.dll" adapterTypeName="executor://xunit/VsTestRunner2/netcoreapp" className="Nzr.Orm.Tests.Core.SelectTest" name="Nzr.Orm.Tests.Core.SelectTest.Select_WithLeftJoinEntitiesWithOrderBy_ShouldReturnAllCompleteEntitiesInTheSpecifiedOrder" />
    </UnitTest>
    <UnitTest name="Nzr.Orm.Tests.Core.SelectTest.Select_WithTwoForeignObject_ShouldReturnComplete" storage="c:\workspace\personal\nzr.orm\dotnet\nzr.orm.tests\bin\debug\netcoreapp2.2\nzr.orm.tests.dll" id="310f734b-2cc3-f654-8474-8323f3764150">
      <Execution id="98449682-5e92-4623-bd84-3d07c1f757c5" />
      <TestMethod codeBase="C:\workspace\personal\Nzr.Orm\dotnet\Nzr.Orm.Tests\bin\Debug\netcoreapp2.2\Nzr.Orm.Tests.dll" adapterTypeName="executor://xunit/VsTestRunner2/netcoreapp" className="Nzr.Orm.Tests.Core.SelectTest" name="Nzr.Orm.Tests.Core.SelectTest.Select_WithTwoForeignObject_ShouldReturnComplete" />
    </UnitTest>
    <UnitTest name="Nzr.Orm.Tests.Core.UpdateTest.Update_WithResultDiffExpectedResult_ShouldThrowException" storage="c:\workspace\personal\nzr.orm\dotnet\nzr.orm.tests\bin\debug\netcoreapp2.2\nzr.orm.tests.dll" id="f586f76f-f563-0a93-a859-b3fda7f43dc9">
      <Execution id="e1b2563a-e07b-4306-8187-d14a62c28e0a" />
      <TestMethod codeBase="C:\workspace\personal\Nzr.Orm\dotnet\Nzr.Orm.Tests\bin\Debug\netcoreapp2.2\Nzr.Orm.Tests.dll" adapterTypeName="executor://xunit/VsTestRunner2/netcoreapp" className="Nzr.Orm.Tests.Core.UpdateTest" name="Nzr.Orm.Tests.Core.UpdateTest.Update_WithResultDiffExpectedResult_ShouldThrowException" />
    </UnitTest>
    <UnitTest name="Nzr.Orm.Tests.Core.ConnectionManagerTest.NewDao_WithConnectionManager_ShouldUseConnectionManager" storage="c:\workspace\personal\nzr.orm\dotnet\nzr.orm.tests\bin\debug\netcoreapp2.2\nzr.orm.tests.dll" id="43380cd6-fc94-4375-8427-9f20d01130e4">
      <Execution id="719068f2-e1e2-41f0-a15d-23a7bbf8ead8" />
      <TestMethod codeBase="C:\workspace\personal\Nzr.Orm\dotnet\Nzr.Orm.Tests\bin\Debug\netcoreapp2.2\Nzr.Orm.Tests.dll" adapterTypeName="executor://xunit/VsTestRunner2/netcoreapp" className="Nzr.Orm.Tests.Core.ConnectionManagerTest" name="Nzr.Orm.Tests.Core.ConnectionManagerTest.NewDao_WithConnectionManager_ShouldUseConnectionManager" />
    </UnitTest>
    <UnitTest name="Nzr.Orm.Tests.Core.AliasTest.NonQuery_UsingBuilders_ShouldWork" storage="c:\workspace\personal\nzr.orm\dotnet\nzr.orm.tests\bin\debug\netcoreapp2.2\nzr.orm.tests.dll" id="59e7c077-53b2-107b-4a18-3684d1970945">
      <Execution id="68048836-2f50-45d7-8da8-c42aa86fd9ce" />
      <TestMethod codeBase="C:\workspace\personal\Nzr.Orm\dotnet\Nzr.Orm.Tests\bin\Debug\netcoreapp2.2\Nzr.Orm.Tests.dll" adapterTypeName="executor://xunit/VsTestRunner2/netcoreapp" className="Nzr.Orm.Tests.Core.AliasTest" name="Nzr.Orm.Tests.Core.AliasTest.NonQuery_UsingBuilders_ShouldWork" />
    </UnitTest>
    <UnitTest name="Nzr.Orm.Tests.Core.SelectTest.Select_WithLeftJoinEntities_ShouldReturnAllCompleteEntities" storage="c:\workspace\personal\nzr.orm\dotnet\nzr.orm.tests\bin\debug\netcoreapp2.2\nzr.orm.tests.dll" id="37de58db-2c23-b4aa-d398-be413c219647">
      <Execution id="6dfaa495-c355-4ac5-89b0-45d5abe8cbce" />
      <TestMethod codeBase="C:\workspace\personal\Nzr.Orm\dotnet\Nzr.Orm.Tests\bin\Debug\netcoreapp2.2\Nzr.Orm.Tests.dll" adapterTypeName="executor://xunit/VsTestRunner2/netcoreapp" className="Nzr.Orm.Tests.Core.SelectTest" name="Nzr.Orm.Tests.Core.SelectTest.Select_WithLeftJoinEntities_ShouldReturnAllCompleteEntities" />
    </UnitTest>
    <UnitTest name="Nzr.Orm.Tests.Core.InsertTest.Insert_WithSchemaDefined_ShouldInsertOverridingDaoSchema" storage="c:\workspace\personal\nzr.orm\dotnet\nzr.orm.tests\bin\debug\netcoreapp2.2\nzr.orm.tests.dll" id="d1eacc34-248e-827c-a60c-24d140753f5a">
      <Execution id="c5f4c078-87d4-47c5-8e21-2d610218facf" />
      <TestMethod codeBase="C:\workspace\personal\Nzr.Orm\dotnet\Nzr.Orm.Tests\bin\Debug\netcoreapp2.2\Nzr.Orm.Tests.dll" adapterTypeName="executor://xunit/VsTestRunner2/netcoreapp" className="Nzr.Orm.Tests.Core.InsertTest" name="Nzr.Orm.Tests.Core.InsertTest.Insert_WithSchemaDefined_ShouldInsertOverridingDaoSchema" />
    </UnitTest>
    <UnitTest name="Nzr.Orm.Tests.Core.SelectTest.Select_ReferencingEntities_ShouldReturnCompleteEntities" storage="c:\workspace\personal\nzr.orm\dotnet\nzr.orm.tests\bin\debug\netcoreapp2.2\nzr.orm.tests.dll" id="05d133e0-1edd-db9a-8b3a-dadfea10f749">
      <Execution id="decc8353-f817-4aab-9399-4afef21ed8c4" />
      <TestMethod codeBase="C:\workspace\personal\Nzr.Orm\dotnet\Nzr.Orm.Tests\bin\Debug\netcoreapp2.2\Nzr.Orm.Tests.dll" adapterTypeName="executor://xunit/VsTestRunner2/netcoreapp" className="Nzr.Orm.Tests.Core.SelectTest" name="Nzr.Orm.Tests.Core.SelectTest.Select_ReferencingEntities_ShouldReturnCompleteEntities" />
    </UnitTest>
  </TestDefinitions>
  <TestEntries>
    <TestEntry testId="4419b877-270e-497e-a06c-0b6c3e2f97b2" executionId="9f7026a8-5110-443d-a61c-c1fca1e175aa" testListId="8c84fa94-04c1-424b-9868-57a2d4851a1d" />
    <TestEntry testId="a7f31066-1884-20cb-8052-3795ce522a06" executionId="60225578-0c29-43a3-b019-91e9ff6050fe" testListId="8c84fa94-04c1-424b-9868-57a2d4851a1d" />
    <TestEntry testId="268cbd27-a2d9-149c-bc4e-a463f477b1b1" executionId="e40411a1-1944-46b9-b938-a0e3771ea3d4" testListId="8c84fa94-04c1-424b-9868-57a2d4851a1d" />
    <TestEntry testId="a9fd742e-d857-7f7b-8c31-da162119afd6" executionId="432caa4b-5078-4e7f-9869-d881bd9b4028" testListId="8c84fa94-04c1-424b-9868-57a2d4851a1d" />
    <TestEntry testId="44b1cde0-de0f-45b4-ee7c-541708dc4a96" executionId="2313a491-62c6-439f-bf4f-c8d840413888" testListId="8c84fa94-04c1-424b-9868-57a2d4851a1d" />
    <TestEntry testId="05d133e0-1edd-db9a-8b3a-dadfea10f749" executionId="decc8353-f817-4aab-9399-4afef21ed8c4" testListId="8c84fa94-04c1-424b-9868-57a2d4851a1d" />
    <TestEntry testId="08459c55-b3e4-e589-48e6-282f825b7d36" executionId="39684165-1a32-4db6-ba64-df181fca20f8" testListId="8c84fa94-04c1-424b-9868-57a2d4851a1d" />
    <TestEntry testId="26e715e3-2b90-f585-432b-99d816c362ee" executionId="2142b77e-eea9-4f2f-bae4-e0dc0f7a326a" testListId="8c84fa94-04c1-424b-9868-57a2d4851a1d" />
    <TestEntry testId="12d9cf54-71b2-5af7-f9e3-b82dad440122" executionId="494f3fb3-631c-417d-9187-1b88d6aae573" testListId="8c84fa94-04c1-424b-9868-57a2d4851a1d" />
    <TestEntry testId="b5bcdd10-516d-8207-df7a-a6f0ef137dbc" executionId="0296bcdd-1151-4bc6-bfd5-cdf52b1a7aca" testListId="8c84fa94-04c1-424b-9868-57a2d4851a1d" />
    <TestEntry testId="59e7c077-53b2-107b-4a18-3684d1970945" executionId="68048836-2f50-45d7-8da8-c42aa86fd9ce" testListId="8c84fa94-04c1-424b-9868-57a2d4851a1d" />
    <TestEntry testId="3b923bb1-76d2-573f-d80a-efb49bf28772" executionId="0ecf838b-a6b6-4c3f-8821-266db74a5f26" testListId="8c84fa94-04c1-424b-9868-57a2d4851a1d" />
    <TestEntry testId="e542eb42-d95a-eac0-ffef-da3e1f209ed7" executionId="cff98d70-fcd9-4c6a-974c-e40895a8c122" testListId="8c84fa94-04c1-424b-9868-57a2d4851a1d" />
    <TestEntry testId="38ce0fee-42a5-be37-bc2c-ea721b1ded32" executionId="e03be660-eeb9-44b4-9969-6f8d6b5121a8" testListId="8c84fa94-04c1-424b-9868-57a2d4851a1d" />
    <TestEntry testId="fc525a1f-6433-eb66-43dd-e4dde3ce8a5a" executionId="62f943c3-6235-4797-a00c-58d9da503f04" testListId="8c84fa94-04c1-424b-9868-57a2d4851a1d" />
    <TestEntry testId="10960f47-5150-00d1-ec65-55b10aff30fa" executionId="543d699f-aab3-4907-9b92-b9ed812236a6" testListId="8c84fa94-04c1-424b-9868-57a2d4851a1d" />
    <TestEntry testId="1a729415-bb63-3074-18cd-aba6f199f64c" executionId="4a3f5f6b-ddd0-44c7-86e1-74e799c3500d" testListId="8c84fa94-04c1-424b-9868-57a2d4851a1d" />
    <TestEntry testId="97edfdf0-40a9-5982-aef3-b2e4c6493f64" executionId="6fccb88d-4c6c-4b35-ae0e-7f4d3daf94fa" testListId="8c84fa94-04c1-424b-9868-57a2d4851a1d" />
    <TestEntry testId="f3e524ff-d42a-775e-9f5e-54b9d3ac7bca" executionId="c2235d25-b401-4251-9213-e4e59557e16b" testListId="8c84fa94-04c1-424b-9868-57a2d4851a1d" />
    <TestEntry testId="78b73bb5-239d-2be6-56c9-2fcf9393185b" executionId="f8350535-9e3f-4ffe-b528-af2ea28ddfec" testListId="8c84fa94-04c1-424b-9868-57a2d4851a1d" />
    <TestEntry testId="aaef698a-8fb4-027d-e246-753ff4a55197" executionId="6d44db1c-df74-4efc-afa6-72aef03e122f" testListId="8c84fa94-04c1-424b-9868-57a2d4851a1d" />
    <TestEntry testId="43380cd6-fc94-4375-8427-9f20d01130e4" executionId="719068f2-e1e2-41f0-a15d-23a7bbf8ead8" testListId="8c84fa94-04c1-424b-9868-57a2d4851a1d" />
    <TestEntry testId="b8b10556-d99f-8160-07f3-a9a88fbf4878" executionId="e14d1d0b-03ae-412b-afca-d4925ae97384" testListId="8c84fa94-04c1-424b-9868-57a2d4851a1d" />
    <TestEntry testId="3d846bde-5444-6a99-8265-7e5434857dd0" executionId="fbe50200-c977-4217-8e45-d5b1c6479647" testListId="8c84fa94-04c1-424b-9868-57a2d4851a1d" />
    <TestEntry testId="acc41e16-18e7-e812-41df-828456873595" executionId="7bce7cb2-d6ed-4fc5-ab2a-3775eedf84db" testListId="8c84fa94-04c1-424b-9868-57a2d4851a1d" />
    <TestEntry testId="57b32182-a093-4f1d-6744-3790a0b77f49" executionId="5439bfeb-0a89-4b01-990c-93a1e460093e" testListId="8c84fa94-04c1-424b-9868-57a2d4851a1d" />
    <TestEntry testId="746ed4fb-f421-88ed-dc67-814ec87eabaf" executionId="f0b5abfa-00c2-4035-9892-caa431932ced" testListId="8c84fa94-04c1-424b-9868-57a2d4851a1d" />
    <TestEntry testId="0f544c30-45ef-1cf0-e24e-4241443920ed" executionId="6a033991-b55c-4c81-906a-db73569d5081" testListId="8c84fa94-04c1-424b-9868-57a2d4851a1d" />
    <TestEntry testId="3f26d49f-a916-f5ab-851d-2c3f6ade4bfa" executionId="da97d0c7-b0bd-4396-b6c7-8f6fd8b59620" testListId="8c84fa94-04c1-424b-9868-57a2d4851a1d" />
    <TestEntry testId="d1eacc34-248e-827c-a60c-24d140753f5a" executionId="c5f4c078-87d4-47c5-8e21-2d610218facf" testListId="8c84fa94-04c1-424b-9868-57a2d4851a1d" />
    <TestEntry testId="be3f01f0-8e6d-c61f-4f8f-1ac73110c2bb" executionId="4d5c7a61-a3c7-4b03-8ee9-7b41274fca17" testListId="8c84fa94-04c1-424b-9868-57a2d4851a1d" />
    <TestEntry testId="e7e55ff6-13e6-e7ce-d6b5-8a74bd8a18d7" executionId="72f5d853-9557-424b-a352-62c3fcd12489" testListId="8c84fa94-04c1-424b-9868-57a2d4851a1d" />
    <TestEntry testId="b75241f4-f0c3-6f58-a1fe-f290bf44f826" executionId="6c7b8450-c906-4448-83b2-03d2efe0b1b1" testListId="8c84fa94-04c1-424b-9868-57a2d4851a1d" />
    <TestEntry testId="2506889b-4c53-4c2a-8745-58773fabaf59" executionId="0d3ffa36-0584-4359-8a09-42f0947205a6" testListId="8c84fa94-04c1-424b-9868-57a2d4851a1d" />
    <TestEntry testId="310f734b-2cc3-f654-8474-8323f3764150" executionId="98449682-5e92-4623-bd84-3d07c1f757c5" testListId="8c84fa94-04c1-424b-9868-57a2d4851a1d" />
    <TestEntry testId="7e334687-f39d-2a95-0028-7c654784fa8c" executionId="96fe470d-09cd-4695-8c38-0bfddabafaa5" testListId="8c84fa94-04c1-424b-9868-57a2d4851a1d" />
    <TestEntry testId="08937ec3-04b0-bac8-2f83-52a5b5ae56f2" executionId="b0af10dd-fd6f-4b74-a71a-7322b44deec5" testListId="8c84fa94-04c1-424b-9868-57a2d4851a1d" />
    <TestEntry testId="6caa6f43-f112-b16d-7120-bc6f965ffdfd" executionId="1ceff121-b4cd-4b07-8d64-9ab0a1057492" testListId="8c84fa94-04c1-424b-9868-57a2d4851a1d" />
    <TestEntry testId="f586f76f-f563-0a93-a859-b3fda7f43dc9" executionId="e1b2563a-e07b-4306-8187-d14a62c28e0a" testListId="8c84fa94-04c1-424b-9868-57a2d4851a1d" />
    <TestEntry testId="37de58db-2c23-b4aa-d398-be413c219647" executionId="6dfaa495-c355-4ac5-89b0-45d5abe8cbce" testListId="8c84fa94-04c1-424b-9868-57a2d4851a1d" />
    <TestEntry testId="1aa8b00a-0af8-584a-e056-8016685a2629" executionId="9453b07e-f7ba-401f-899e-888877e214f9" testListId="8c84fa94-04c1-424b-9868-57a2d4851a1d" />
    <TestEntry testId="0230a83b-644f-5a8f-ec3d-02f2bf92e75d" executionId="2c91f16b-74e2-4fa0-b84e-4e55431d6659" testListId="8c84fa94-04c1-424b-9868-57a2d4851a1d" />
    <TestEntry testId="86b44368-2f60-db0a-ff92-48b77ec25ff5" executionId="1cb9e14b-8ebf-4c9f-854a-61be6a38830f" testListId="8c84fa94-04c1-424b-9868-57a2d4851a1d" />
    <TestEntry testId="23b2e53f-fdfe-176d-e006-9a740267b358" executionId="e3a5cbac-2f0c-42ee-aaa9-dc4e9a5cbd6a" testListId="8c84fa94-04c1-424b-9868-57a2d4851a1d" />
    <TestEntry testId="5be77ac6-458b-bad6-4e36-4b217cee732c" executionId="e2507d8d-e364-4c3d-8c7c-4c73cfa66b7c" testListId="8c84fa94-04c1-424b-9868-57a2d4851a1d" />
    <TestEntry testId="56cb6bf7-9f76-f6cc-632c-68f2cb64242f" executionId="8e6edbe1-60f0-40da-b733-db32807b9761" testListId="8c84fa94-04c1-424b-9868-57a2d4851a1d" />
    <TestEntry testId="f3d71ada-f9b7-1804-6899-be19cca59754" executionId="8a75f633-e974-41e7-896f-42a73be4f450" testListId="8c84fa94-04c1-424b-9868-57a2d4851a1d" />
    <TestEntry testId="c021a647-bdd2-94de-67d0-9e220ec90889" executionId="326d4ded-ff28-4a83-816d-4f7084129a59" testListId="8c84fa94-04c1-424b-9868-57a2d4851a1d" />
  </TestEntries>
  <TestLists>
    <TestList name="Results Not in a List" id="8c84fa94-04c1-424b-9868-57a2d4851a1d" />
    <TestList name="All Loaded Results" id="19431567-8539-422a-85d7-44ee4e166bda" />
  </TestLists>
  <ResultSummary outcome="Completed">
    <Counters total="48" executed="48" passed="48" failed="0" error="0" timeout="0" aborted="0" inconclusive="0" passedButRunAborted="0" notRunnable="0" notExecuted="0" disconnected="0" warning="0" completed="0" inProgress="0" pending="0" />
    <Output>
      <StdOut>[xUnit.net 00:00:00.01] xUnit.net VSTest Adapter v2.4.1 (64-bit .NET Core 4.6.27817.03)&#xD;
[xUnit.net 00:00:18.90]   Discovering: Nzr.Orm.Tests&#xD;
[xUnit.net 00:00:19.00]   Discovered:  Nzr.Orm.Tests&#xD;
[xUnit.net 00:00:19.01]   Starting:    Nzr.Orm.Tests&#xD;
[xUnit.net 00:00:23.07]   Finished:    Nzr.Orm.Tests&#xD;
</StdOut>
    </Output>
  </ResultSummary>
</TestRun>